Uploading files to remote theme [0%] ...
[2K[1A[2K[GUploading files to remote theme [25%] ...
[2K[1A[2K[G
Cleaning your remote theme [100%] ...
[2K[1A[2K[G
Theme upload complete ...
[2K[1A[2K[G
╭─ error ──────────────────────────────────────────────────────────────────────╮
│                                                                              │
│  templates/index.json                                                        │
│                                                                              │
│  Setting 'video' must be a valid URL                                         │
│                                                                              │
╰──────────────────────────────────────────────────────────────────────────────╯

╭─ error ──────────────────────────────────────────────────────────────────────╮
│                                                                              │
│  templates/page.factory.json                                                 │
│                                                                              │
│  Setting 'video_mobile' must be a valid URL                                  │
│                                                                              │
╰──────────────────────────────────────────────────────────────────────────────╯

╭─ error ──────────────────────────────────────────────────────────────────────╮
│                                                                              │
│  templates/product.json                                                      │
│                                                                              │
│  Setting 'text' is invalid. Tag '<path>' is not permitted, Tag '<svg>' is    │
│  not permitted, Attribute 'class="sf-trust__item"' is not permitted on tag   │
│  '<span>', Attribute 'class="sf-trust__item sf-trust__item--link"' is not    │
│  permitted on tag '<a>', and Attribute 'class="sf-trust"' is not permitted   │
│  on tag '<p>'                                                                │
│                                                                              │
╰──────────────────────────────────────────────────────────────────────────────╯

╭─ warning ────────────────────────────────────────────────────────────────────╮
│                                                                              │
│  The theme 'Development (a6ab83-Anees-PC)' (#196597776544) was pushed with   │
│  errors                                                                      │
│                                                                              │
│  Next steps                                                                  │
│    • View your theme [1]                                                     │
│    • Customize your theme at the theme editor [2]                            │
│                                                                              │
╰──────────────────────────────────────────────────────────────────────────────╯
[1] https://stitch-fit-12.myshopify.com?preview_theme_id=196597776544
[2] https://stitch-fit-12.myshopify.com/admin/themes/196597776544/editor

